// Jest Snapshot v1, https://goo.gl/fbAQLP

exports[`should take a snapshot 1`] = `
<DocumentFragment>
  <div
    class="App"
    style="height: 1500px; background: white;"
  >
    <header
      class="MuiPaper-root MuiAppBar-root MuiAppBar-positionFixed MuiAppBar-colorPrimary mui-fixed MuiPaper-elevation4"
      style="background-color: transparent; box-shadow: none; padding: 10px 0px;"
    >
      <div
        class="MuiToolbar-root MuiToolbar-regular MuiToolbar-gutters"
      >
        <div
          class="header_logo"
        >
          <div
            class="font_righteous header_logo_venue"
          >
            Resonate solutions
          </div>
          <div
            class="header_logo_title"
          >
            real world problem for contacts
          </div>
        </div>
        <button
          aria-label="Menu"
          class="MuiButtonBase-root MuiIconButton-root MuiIconButton-colorInherit"
          data-testid="button-1"
          tabindex="0"
          type="button"
        >
          <span
            class="MuiIconButton-label"
          >
            <svg
              aria-hidden="true"
              class="MuiSvgIcon-root"
              focusable="false"
              viewBox="0 0 24 24"
            >
              <path
                d="M0 0h24v24H0z"
                fill="none"
              />
              <path
                d="M3 18h18v-2H3v2zm0-5h18v-2H3v2zm0-7v2h18V6H3z"
              />
            </svg>
          </span>
          <span
            class="MuiTouchRipple-root"
          />
        </button>
      </div>
    </header>
    <div
      name="featured"
    >
      <div
        style="position: relative;"
      >
        <div
          class="carrousel_Wrapper"
          style="background: red; height: 768px; overflow: hidden;"
        >
          <div
            class="slick-slider slick-initialized"
            dir="ltr"
          >
            <button
              class="slick-arrow slick-prev"
              data-role="none"
              style="display: block;"
              type="button"
            >
               Previous
            </button>
            <div
              class="slick-list"
            >
              <div
                class="slick-track"
                style="opacity: 1; transform: translate3d(0px, 0px, 0px);"
              >
                <div
                  aria-hidden="true"
                  class="slick-slide slick-cloned"
                  data-index="-1"
                  style="width: 0px;"
                  tabindex="-1"
                >
                  <div>
                    <div
                      style="width: 100%; display: inline-block;"
                      tabindex="-1"
                    >
                      <div
                        class="carrousel_image "
                        style="background: url(three.jpeg); height: 768px;"
                      />
                    </div>
                  </div>
                </div>
                <div
                  aria-hidden="false"
                  class="slick-slide slick-active slick-current"
                  data-index="0"
                  style="outline: none; width: 0px;"
                  tabindex="-1"
                >
                  <div>
                    <div
                      style="width: 100%; display: inline-block;"
                      tabindex="-1"
                    >
                      <div
                        class="carrousel_image "
                        style="background: url(one.jpeg); height: 768px;"
                      />
                    </div>
                  </div>
                </div>
                <div
                  aria-hidden="true"
                  class="slick-slide"
                  data-index="1"
                  style="outline: none; width: 0px;"
                  tabindex="-1"
                >
                  <div>
                    <div
                      style="width: 100%; display: inline-block;"
                      tabindex="-1"
                    >
                      <div
                        class="carrousel_image "
                        style="background: url(two.jpeg); height: 768px;"
                      />
                    </div>
                  </div>
                </div>
                <div
                  aria-hidden="true"
                  class="slick-slide"
                  data-index="2"
                  style="outline: none; width: 0px;"
                  tabindex="-1"
                >
                  <div>
                    <div
                      style="width: 100%; display: inline-block;"
                      tabindex="-1"
                    >
                      <div
                        class="carrousel_image "
                        style="background: url(three.jpeg); height: 768px;"
                      />
                    </div>
                  </div>
                </div>
                <div
                  aria-hidden="true"
                  class="slick-slide slick-cloned"
                  data-index="3"
                  style="width: 0px;"
                  tabindex="-1"
                >
                  <div>
                    <div
                      style="width: 100%; display: inline-block;"
                      tabindex="-1"
                    >
                      <div
                        class="carrousel_image "
                        style="background: url(one.jpeg); height: 768px;"
                      />
                    </div>
                  </div>
                </div>
                <div
                  aria-hidden="true"
                  class="slick-slide slick-cloned"
                  data-index="4"
                  style="width: 0px;"
                  tabindex="-1"
                >
                  <div>
                    <div
                      style="width: 100%; display: inline-block;"
                      tabindex="-1"
                    >
                      <div
                        class="carrousel_image "
                        style="background: url(two.jpeg); height: 768px;"
                      />
                    </div>
                  </div>
                </div>
                <div
                  aria-hidden="true"
                  class="slick-slide slick-cloned"
                  data-index="5"
                  style="width: 0px;"
                  tabindex="-1"
                >
                  <div>
                    <div
                      style="width: 100%; display: inline-block;"
                      tabindex="-1"
                    >
                      <div
                        class="carrousel_image "
                        style="background: url(three.jpeg); height: 768px;"
                      />
                    </div>
                  </div>
                </div>
              </div>
            </div>
            <button
              class="slick-arrow slick-next"
              data-role="none"
              style="display: block;"
              type="button"
            >
               Next
            </button>
          </div>
        </div>
        <div
          class="artist_name"
        >
          <div
            class="wrapper"
          >
            Xilan's contacts
          </div>
        </div>
      </div>
    </div>
    <div
      name="highlights"
    >
      <div
        class="highlight_wrapper"
      >
        <div
          class="react-reveal center_wrapper"
          style="opacity: 1;"
        >
          <h2>
            DETAILS
          </h2>
        </div>
        <div
          class="react-reveal highlight_description"
          style="opacity: 1;"
        >
          <div
            data-testid="loading"
          >
            loading...
          </div>
        </div>
      </div>
    </div>
    <footer
      class="bck_black"
    >
      <div
        class="react-reveal font_righteous footer_logo_venue"
        style="opacity: 1;"
      >
        Resonate solutions
      </div>
      <div
        class="react-reveal footer_copyright"
        style="opacity: 1;"
      >
        Q2
      </div>
    </footer>
  </div>
</DocumentFragment>
`;
